ď»ż
> lpapp@0.1.0 build
> next build --webpack

Î“Ă»â–“ Next.js 16.1.6 (webpack)
- Environments: .env

node.exe : Î“ĂśĂˇ The "middleware" file convention is deprecated. Pl
ease use "proxy" instead. Learn more: https://nextjs.org/docs/mes
sages/middleware-to-proxy
At line:1 char:1
+ & "C:\Program Files\nodejs/node.exe" "C:\Program Files\nodejs/n
ode_mo ...
+ ~~~~~~~~~~~~~~~~~~~~~~~~~~~~~~~~~~~~~~~~~~~~~~~~~~~~~~~~~~~~~~~
~~~~~~
    + CategoryInfo          : NotSpecified: (Î“ĂśĂˇ The "middle...l 
   eware-to-proxy:String) [], RemoteException
    + FullyQualifiedErrorId : NativeCommandError
 
  Creating an optimized production build ...
Î“ÂŁĂ´ Compiled successfully in 11.0s
  Running TypeScript ...
  Collecting page data using 15 workers ...
  Generating static pages using 15 workers (0/74) ...
  Generating static pages using 15 workers (18/74) 
  Generating static pages using 15 workers (36/74) 
  Generating static pages using 15 workers (55/74) 
Î“ÂŁĂ´ Generating static pages using 15 workers (74/74) in 1730.9ms
  Finalizing page optimization ...
  Collecting build traces ...
Î“ĂśĂˇ Failed to copy traced files for D:\code-project\lpapp\.next\s
erver\app\(marketing)\page.js Error: ENOENT: no such file or dire
ctory, copyfile 'D:\code-project\lpapp\.next\server\app\(marketin
g)\page_client-reference-manifest.js' -> 'D:\code-project\lpapp\.
next\standalone\.next\server\app\(marketing)\page_client-referenc
e-manifest.js'
    at ignore-listed frames {
  errno: -4058,
  code: 'ENOENT',
  syscall: 'copyfile',
  path: 'D:\\code-project\\lpapp\\.next\\server\\app\\(marketing)
\\page_client-reference-manifest.js',
  dest: 'D:\\code-project\\lpapp\\.next\\standalone\\.next\\serve
r\\app\\(marketing)\\page_client-reference-manifest.js'
}

Route (app)
Î“Ă¶Ă® Î“ĂąĂŻ /
Î“Ă¶ÂŁ Î“ĂąĂŻ /_not-found
Î“Ă¶ÂŁ Î“ĂąĂŻ /admin/permissions
Î“Ă¶ÂŁ Î“ĂąĂŻ /admin/users
Î“Ă¶ÂŁ Î“ĂąĂŻ /akademik
Î“Ă¶ÂŁ Î“ĂąĂŻ /akademik/kelas
Î“Ă¶ÂŁ â•žĂ† /akademik/kelas/[classGroupId]
Î“Ă¶ÂŁ Î“ĂąĂŻ /akademik/kelas/manage
Î“Ă¶ÂŁ Î“ĂąĂŻ /akademik/santri
Î“Ă¶ÂŁ â•žĂ† /akademik/santri/[id]
Î“Ă¶ÂŁ â•žĂ† /akademik/santri/[id]/request
Î“Ă¶ÂŁ Î“ĂąĂŻ /akademik/santri/scanner
Î“Ă¶ÂŁ Î“ĂąĂŻ /akademik/santri/upload
Î“Ă¶ÂŁ â•žĂ† /api/auth/[...nextauth]
Î“Ă¶ÂŁ â•žĂ† /api/billing/payment-proofs/[proofId]/file
Î“Ă¶ÂŁ â•žĂ† /api/billing/payments/[paymentId]/proof-file
Î“Ă¶ÂŁ â•žĂ† /api/chat-stream/[requestId]
Î“Ă¶ÂŁ â•žĂ† /api/chat-stream/global
Î“Ă¶ÂŁ â•žĂ† /api/kk-preview
Î“Ă¶ÂŁ â•žĂ† /api/receipt/[paymentId]
Î“Ă¶ÂŁ â•žĂ† /api/trpc/[trpc]
Î“Ă¶ÂŁ â•žĂ† /api/upload
Î“Ă¶ÂŁ â•žĂ† /api/upload-kk
Î“Ă¶ÂŁ â•žĂ† /api/upload-logo
Î“Ă¶ÂŁ â•žĂ† /api/uploads/[...path]
Î“Ă¶ÂŁ Î“ĂąĂŻ /billing
Î“Ă¶ÂŁ Î“ĂąĂŻ /billing/models
Î“Ă¶ÂŁ Î“ĂąĂŻ /billing/rekap
Î“Ă¶ÂŁ â•žĂ† /billing/rekap/payments/[paymentId]/proof
Î“Ă¶ÂŁ â•žĂ† /billing/rekap/proofs/[proofId]
Î“Ă¶ÂŁ Î“ĂąĂŻ /dashboard
Î“Ă¶ÂŁ Î“ĂąĂŻ /dashboard/santri-saya
Î“Ă¶ÂŁ â•žĂ† /dashboard/santri-saya/[santriId]
Î“Ă¶ÂŁ Î“ĂąĂŻ /dashboard/santri-saya/data
Î“Ă¶ÂŁ Î“ĂąĂŻ /dashboard/santri-saya/permintaan
Î“Ă¶ÂŁ Î“ĂąĂŻ /kamar
Î“Ă¶ÂŁ â•žĂ† /kamar/[roomId]
Î“Ă¶ÂŁ Î“ĂąĂŻ /kelas
Î“Ă¶ÂŁ â•žĂ† /kelas/[classGroupId]
Î“Ă¶ÂŁ Î“ĂąĂŻ /keuangan
Î“Ă¶ÂŁ â•žĂ† /keuangan/activate/[billingModelId]
Î“Ă¶ÂŁ â•žĂ† /keuangan/payments/[paymentId]/proof
Î“Ă¶ÂŁ â•žĂ† /keuangan/proofs/[proofId]
Î“Ă¶ÂŁ Î“ĂąĂŻ /keuangan/santri
Î“Ă¶ÂŁ â•žĂ† /keuangan/santri/[id]
Î“Ă¶ÂŁ â•žĂ† /keuangan/santri/[id]/request
Î“Ă¶ÂŁ Î“ĂąĂŻ /landing
Î“Ă¶ÂŁ â•žĂ† /link/[token]
Î“Ă¶ÂŁ â•žĂ† /link/[token]/upload-proof
Î“Ă¶ÂŁ Î“ĂąĂŻ /login
Î“Ă¶ÂŁ Î“ĂąĂŻ /m-akademik
Î“Ă¶ÂŁ Î“ĂąĂŻ /m-akademik/kelas
Î“Ă¶ÂŁ â•žĂ† /m-akademik/kelas/[classGroupId]
Î“Ă¶ÂŁ Î“ĂąĂŻ /m-akademik/kelas/manage
Î“Ă¶ÂŁ Î“ĂąĂŻ /m-akademik/santri
Î“Ă¶ÂŁ â•žĂ† /m-akademik/santri/[id]
Î“Ă¶ÂŁ â•žĂ† /m-akademik/santri/[id]/request
Î“Ă¶ÂŁ Î“ĂąĂŻ /m-akademik/santri/upload
Î“Ă¶ÂŁ Î“ĂąĂŻ /m-billing
Î“Ă¶ÂŁ Î“ĂąĂŻ /m-dashboard
Î“Ă¶ÂŁ Î“ĂąĂŻ /m-dashboard/santri-saya
Î“Ă¶ÂŁ â•žĂ† /m-dashboard/santri-saya/[santriId]
Î“Ă¶ÂŁ Î“ĂąĂŻ /m-keuangan
Î“Ă¶ÂŁ â•žĂ† /m-keuangan/activate/[billingModelId]
Î“Ă¶ÂŁ â•žĂ† /m-keuangan/payments/[paymentId]/proof
Î“Ă¶ÂŁ â•žĂ† /m-keuangan/proofs/[proofId]
Î“Ă¶ÂŁ Î“ĂąĂŻ /m-keuangan/santri
Î“Ă¶ÂŁ â•žĂ† /m-keuangan/santri/[id]
Î“Ă¶ÂŁ â•žĂ† /m-keuangan/santri/[id]/request
Î“Ă¶ÂŁ Î“ĂąĂŻ /m-master-data
Î“Ă¶ÂŁ â•žĂ† /m-master-data/kamar/[roomId]
Î“Ă¶ÂŁ Î“ĂąĂŻ /m-master-data/kamar/manage
Î“Ă¶ÂŁ Î“ĂąĂŻ /m-master-data/santri
Î“Ă¶ÂŁ â•žĂ† /m-master-data/santri/[id]
Î“Ă¶ÂŁ Î“ĂąĂŻ /m-master-data/santri/arsip
Î“Ă¶ÂŁ â•žĂ† /m-master-data/santri/arsip/[id]
Î“Ă¶ÂŁ â•žĂ† /m-master-data/santri/arsip/[id]/finance
Î“Ă¶ÂŁ Î“ĂąĂŻ /m-master-data/santri/manage
Î“Ă¶ÂŁ â•žĂ† /m-master-data/santri/manage/[id]
Î“Ă¶ÂŁ â•žĂ† /m-master-data/santri/manage/[id]/edit
Î“Ă¶ÂŁ â•žĂ† /m-master-data/santri/manage/[id]/finance
Î“Ă¶ÂŁ â•žĂ† /m-master-data/santri/manage/[id]/finance/pay/[invoiceId]
Î“Ă¶ÂŁ Î“ĂąĂŻ /m-master-data/santri/manage/new
Î“Ă¶ÂŁ Î“ĂąĂŻ /m-master-data/santri/permintaan
Î“Ă¶ÂŁ Î“ĂąĂŻ /m-master-data/santri/upload
Î“Ă¶ÂŁ Î“ĂąĂŻ /m-profile
Î“Ă¶ÂŁ Î“ĂąĂŻ /m-santri
Î“Ă¶ÂŁ â•žĂ† /m-santri/[id]
Î“Ă¶ÂŁ Î“ĂąĂŻ /m-scan
Î“Ă¶ÂŁ Î“ĂąĂŻ /m-settings
Î“Ă¶ÂŁ Î“ĂąĂŻ /m-users
Î“Ă¶ÂŁ Î“ĂąĂŻ /m-users/invite-links
Î“Ă¶ÂŁ Î“ĂąĂŻ /m-users/page-access
Î“Ă¶ÂŁ Î“ĂąĂŻ /m-users/reset-password
Î“Ă¶ÂŁ Î“ĂąĂŻ /m-users/roles
Î“Ă¶ÂŁ Î“ĂąĂŻ /m-users/users
Î“Ă¶ÂŁ â•žĂ† /m-users/users/[userId]
Î“Ă¶ÂŁ â•žĂ† /master-data/kamar/[roomId]
Î“Ă¶ÂŁ Î“ĂąĂŻ /master-data/kamar/manage
Î“Ă¶ÂŁ Î“ĂąĂŻ /master-data/santri
Î“Ă¶ÂŁ â•žĂ† /master-data/santri/[id]
Î“Ă¶ÂŁ Î“ĂąĂŻ /master-data/santri/arsip
Î“Ă¶ÂŁ â•žĂ† /master-data/santri/arsip/[id]
Î“Ă¶ÂŁ â•žĂ† /master-data/santri/arsip/[id]/finance
Î“Ă¶ÂŁ Î“ĂąĂŻ /master-data/santri/manage
Î“Ă¶ÂŁ â•žĂ† /master-data/santri/manage/[id]
Î“Ă¶ÂŁ â•žĂ† /master-data/santri/manage/[id]/edit
Î“Ă¶ÂŁ â•žĂ† /master-data/santri/manage/[id]/finance
Î“Ă¶ÂŁ â•žĂ† /master-data/santri/manage/[id]/finance/pay/[invoiceId]
Î“Ă¶ÂŁ Î“ĂąĂŻ /master-data/santri/manage/new
Î“Ă¶ÂŁ Î“ĂąĂŻ /master-data/santri/permintaan
Î“Ă¶ÂŁ Î“ĂąĂŻ /master-data/santri/upload
Î“Ă¶ÂŁ â•žĂ† /register/[token]
Î“Ă¶ÂŁ â•žĂ† /register/[token]/request-role
Î“Ă¶ÂŁ Î“ĂąĂŻ /santri
Î“Ă¶ÂŁ â•žĂ† /santri/[id]
Î“Ă¶ÂŁ â•žĂ† /santri/new
Î“Ă¶ÂŁ Î“ĂąĂŻ /settings
Î“Ă¶ÂŁ Î“ĂąĂŻ /test
Î“Ă¶ÂŁ Î“ĂąĂŻ /user-management/invite-links
Î“Ă¶ÂŁ Î“ĂąĂŻ /user-management/page-access
Î“Ă¶ÂŁ Î“ĂąĂŻ /user-management/reset-password
Î“Ă¶ÂŁ Î“ĂąĂŻ /user-management/roles
Î“Ă¶ÂŁ Î“ĂąĂŻ /user-management/users
Î“Ă¶ÂŁ â•žĂ† /user-management/users/[userId]
Î“Ă¶Ă¶ Î“ĂąĂŻ /users


â•žĂ† Proxy (Middleware)

Î“ĂąĂŻ  (Static)   prerendered as static content
â•žĂ†  (Dynamic)  server-rendered on demand

