src/app/(desktop)/admin/users/_components/UsersPageClient.tsx(28,40): error TS2339: Property 'create' does not exist on type 'DecorateRouterRecord<{ ctx: { prisma: PrismaClient<PrismaClientOptions, never, DefaultArgs>; session: Session | null; headers: Headers; }; meta: object; errorShape: { ...; }; transformer: true; }, DecorateCreateRouterOptions<...>>'.
src/app/(desktop)/admin/users/_components/UsersPageClient.tsx(29,40): error TS2339: Property 'delete' does not exist on type 'DecorateRouterRecord<{ ctx: { prisma: PrismaClient<PrismaClientOptions, never, DefaultArgs>; session: Session | null; headers: Headers; }; meta: object; errorShape: { ...; }; transformer: true; }, DecorateCreateRouterOptions<...>>'.
src/app/(desktop)/keuangan/_components/ActivateBillingModal.tsx(74,62): error TS2503: Cannot find namespace 'JSX'.
src/app/(desktop)/keuangan/activate/[billingModelId]/page.tsx(77,76): error TS2503: Cannot find namespace 'JSX'.
src/app/(desktop)/keuangan/santri/page.tsx(310,29): error TS2503: Cannot find namespace 'JSX'.
src/app/(desktop)/master-data/santri/manage/[id]/finance/page.tsx(42,50): error TS2503: Cannot find namespace 'JSX'.
src/app/(desktop)/master-data/santri/manage/[id]/finance/pay/[invoiceId]/page.tsx(33,33): error TS2339: Property 'payments' does not exist on type '{ id: string; createdAt: Date; updatedAt: Date; status: InvoiceStatus; santriId: string; billingModelId: string; periodKey: string; periodYear: number | null; ... 7 more ...; totalAmount: number; }'.
src/app/(desktop)/master-data/santri/manage/[id]/finance/pay/[invoiceId]/page.tsx(37,32): error TS2551: Property 'billingModel' does not exist on type '{ id: string; createdAt: Date; updatedAt: Date; status: InvoiceStatus; santriId: string; billingModelId: string; periodKey: string; periodYear: number | null; ... 7 more ...; totalAmount: number; }'. Did you mean 'billingModelId'?
src/app/(desktop)/master-data/santri/manage/[id]/finance/pay/[invoiceId]/page.tsx(165,26): error TS2339: Property 'items' does not exist on type '{ id: string; createdAt: Date; updatedAt: Date; status: InvoiceStatus; santriId: string; billingModelId: string; periodKey: string; periodYear: number | null; ... 7 more ...; totalAmount: number; }'.
src/app/(desktop)/master-data/santri/manage/[id]/finance/pay/[invoiceId]/page.tsx(165,43): error TS2339: Property 'items' does not exist on type '{ id: string; createdAt: Date; updatedAt: Date; status: InvoiceStatus; santriId: string; billingModelId: string; periodKey: string; periodYear: number | null; ... 7 more ...; totalAmount: number; }'.
src/app/(desktop)/master-data/santri/manage/[id]/finance/pay/[invoiceId]/page.tsx(169,38): error TS2339: Property 'items' does not exist on type '{ id: string; createdAt: Date; updatedAt: Date; status: InvoiceStatus; santriId: string; billingModelId: string; periodKey: string; periodYear: number | null; ... 7 more ...; totalAmount: number; }'.
src/app/(desktop)/master-data/santri/manage/new/page.tsx(32,13): error TS2353: Object literal may only specify known properties, and 'parentName' does not exist in type '{ fullName: string; nis: string; gender?: "L" | "P" | undefined; birthDate?: string | undefined; birthPlace?: string | undefined; phone?: string | undefined; fatherName?: string | undefined; ... 6 more ...; address?: { ...; } | undefined; }'.
src/app/(desktop)/master-data/santri/manage/new/page.tsx(32,32): error TS2339: Property 'parentName' does not exist on type 'FormSantriValues'.
src/app/(desktop)/master-data/santri/manage/new/page.tsx(33,33): error TS2339: Property 'parentPhone' does not exist on type 'FormSantriValues'.
src/app/(desktop)/santri/new/page.tsx(102,13): error TS2353: Object literal may only specify known properties, and 'parentName' does not exist in type '{ fullName: string; nis: string; gender?: "L" | "P" | undefined; birthDate?: string | undefined; birthPlace?: string | undefined; phone?: string | undefined; fatherName?: string | undefined; ... 6 more ...; address?: { ...; } | undefined; }'.
src/app/(desktop)/user-management/roles/page.tsx(9,40): error TS2339: Property 'create' does not exist on type 'DecorateRouterRecord<{ ctx: { prisma: PrismaClient<PrismaClientOptions, never, DefaultArgs>; session: Session | null; headers: Headers; }; meta: object; errorShape: { ...; }; transformer: true; }, DecorateCreateRouterOptions<...>>'.
src/app/(desktop)/user-management/roles/page.tsx(10,40): error TS2339: Property 'delete' does not exist on type 'DecorateRouterRecord<{ ctx: { prisma: PrismaClient<PrismaClientOptions, never, DefaultArgs>; session: Session | null; headers: Headers; }; meta: object; errorShape: { ...; }; transformer: true; }, DecorateCreateRouterOptions<...>>'.
src/app/api/receipt/[paymentId]/route.ts(20,68): error TS2353: Object literal may only specify known properties, and 'kelas' does not exist in type 'SantriSelect<DefaultArgs>'.
src/app/api/receipt/[paymentId]/route.ts(38,28): error TS2339: Property 'receipt' does not exist on type '{ id: string; createdAt: Date; updatedAt: Date; note: string | null; amount: number; invoiceId: string; verifiedAt: Date | null; method: PaymentMethod; paidAt: Date; proofUrl: string | null; proofPublicId: string | null; verifiedByUserId: string | null; }'.
src/app/api/receipt/[paymentId]/route.ts(47,32): error TS2551: Property 'invoice' does not exist on type '{ id: string; createdAt: Date; updatedAt: Date; note: string | null; amount: number; invoiceId: string; verifiedAt: Date | null; method: PaymentMethod; paidAt: Date; proofUrl: string | null; proofPublicId: string | null; verifiedByUserId: string | null; }'. Did you mean 'invoiceId'?
src/app/api/receipt/[paymentId]/route.ts(48,40): error TS2551: Property 'invoice' does not exist on type '{ id: string; createdAt: Date; updatedAt: Date; note: string | null; amount: number; invoiceId: string; verifiedAt: Date | null; method: PaymentMethod; paidAt: Date; proofUrl: string | null; proofPublicId: string | null; verifiedByUserId: string | null; }'. Did you mean 'invoiceId'?
src/app/api/receipt/[paymentId]/route.ts(49,33): error TS2551: Property 'invoice' does not exist on type '{ id: string; createdAt: Date; updatedAt: Date; note: string | null; amount: number; invoiceId: string; verifiedAt: Date | null; method: PaymentMethod; paidAt: Date; proofUrl: string | null; proofPublicId: string | null; verifiedByUserId: string | null; }'. Did you mean 'invoiceId'?
src/app/api/receipt/[paymentId]/route.ts(50,34): error TS2551: Property 'invoice' does not exist on type '{ id: string; createdAt: Date; updatedAt: Date; note: string | null; amount: number; invoiceId: string; verifiedAt: Date | null; method: PaymentMethod; paidAt: Date; proofUrl: string | null; proofPublicId: string | null; verifiedByUserId: string | null; }'. Did you mean 'invoiceId'?
src/app/api/receipt/[paymentId]/route.ts(51,32): error TS2551: Property 'invoice' does not exist on type '{ id: string; createdAt: Date; updatedAt: Date; note: string | null; amount: number; invoiceId: string; verifiedAt: Date | null; method: PaymentMethod; paidAt: Date; proofUrl: string | null; proofPublicId: string | null; verifiedByUserId: string | null; }'. Did you mean 'invoiceId'?
src/app/api/receipt/[paymentId]/route.ts(52,33): error TS2551: Property 'invoice' does not exist on type '{ id: string; createdAt: Date; updatedAt: Date; note: string | null; amount: number; invoiceId: string; verifiedAt: Date | null; method: PaymentMethod; paidAt: Date; proofUrl: string | null; proofPublicId: string | null; verifiedByUserId: string | null; }'. Did you mean 'invoiceId'?
src/app/api/receipt/[paymentId]/route.ts(53,35): error TS2551: Property 'invoice' does not exist on type '{ id: string; createdAt: Date; updatedAt: Date; note: string | null; amount: number; invoiceId: string; verifiedAt: Date | null; method: PaymentMethod; paidAt: Date; proofUrl: string | null; proofPublicId: string | null; verifiedByUserId: string | null; }'. Did you mean 'invoiceId'?
src/app/api/receipt/[paymentId]/route.ts(54,54): error TS2551: Property 'invoice' does not exist on type '{ id: string; createdAt: Date; updatedAt: Date; note: string | null; amount: number; invoiceId: string; verifiedAt: Date | null; method: PaymentMethod; paidAt: Date; proofUrl: string | null; proofPublicId: string | null; verifiedByUserId: string | null; }'. Did you mean 'invoiceId'?
src/app/api/receipt/[paymentId]/route.ts(55,34): error TS2551: Property 'invoice' does not exist on type '{ id: string; createdAt: Date; updatedAt: Date; note: string | null; amount: number; invoiceId: string; verifiedAt: Date | null; method: PaymentMethod; paidAt: Date; proofUrl: string | null; proofPublicId: string | null; verifiedByUserId: string | null; }'. Did you mean 'invoiceId'?
src/app/api/receipt/[paymentId]/route.ts(56,28): error TS2551: Property 'invoice' does not exist on type '{ id: string; createdAt: Date; updatedAt: Date; note: string | null; amount: number; invoiceId: string; verifiedAt: Date | null; method: PaymentMethod; paidAt: Date; proofUrl: string | null; proofPublicId: string | null; verifiedByUserId: string | null; }'. Did you mean 'invoiceId'?
src/app/api/receipt/[paymentId]/route.ts(56,46): error TS7006: Parameter 'i' implicitly has an 'any' type.
src/app/api/receipt/[paymentId]/route.ts(59,31): error TS2551: Property 'invoice' does not exist on type '{ id: string; createdAt: Date; updatedAt: Date; note: string | null; amount: number; invoiceId: string; verifiedAt: Date | null; method: PaymentMethod; paidAt: Date; proofUrl: string | null; proofPublicId: string | null; verifiedByUserId: string | null; }'. Did you mean 'invoiceId'?
src/app/api/receipt/[paymentId]/route.ts(60,26): error TS2551: Property 'invoice' does not exist on type '{ id: string; createdAt: Date; updatedAt: Date; note: string | null; amount: number; invoiceId: string; verifiedAt: Date | null; method: PaymentMethod; paidAt: Date; proofUrl: string | null; proofPublicId: string | null; verifiedByUserId: string | null; }'. Did you mean 'invoiceId'?
src/app/api/receipt/[paymentId]/route.ts(61,28): error TS2551: Property 'invoice' does not exist on type '{ id: string; createdAt: Date; updatedAt: Date; note: string | null; amount: number; invoiceId: string; verifiedAt: Date | null; method: PaymentMethod; paidAt: Date; proofUrl: string | null; proofPublicId: string | null; verifiedByUserId: string | null; }'. Did you mean 'invoiceId'?
src/app/api/receipt/[paymentId]/route.ts(64,27): error TS2551: Property 'invoice' does not exist on type '{ id: string; createdAt: Date; updatedAt: Date; note: string | null; amount: number; invoiceId: string; verifiedAt: Date | null; method: PaymentMethod; paidAt: Date; proofUrl: string | null; proofPublicId: string | null; verifiedByUserId: string | null; }'. Did you mean 'invoiceId'?
src/app/api/receipt/[paymentId]/route.ts(65,33): error TS2551: Property 'invoice' does not exist on type '{ id: string; createdAt: Date; updatedAt: Date; note: string | null; amount: number; invoiceId: string; verifiedAt: Date | null; method: PaymentMethod; paidAt: Date; proofUrl: string | null; proofPublicId: string | null; verifiedByUserId: string | null; }'. Did you mean 'invoiceId'?
src/app/api/upload-logo/route.ts(62,13): error TS2322: Type 'Buffer<ArrayBufferLike>' is not assignable to type 'Buffer<ArrayBuffer>'.
src/server/routers/invoice.ts(239,68): error TS2353: Object literal may only specify known properties, and 'kamar' does not exist in type 'SantriSelect<DefaultArgs>'.
src/server/routers/payment.ts(249,76): error TS2353: Object literal may only specify known properties, and 'kelas' does not exist in type 'SantriSelect<DefaultArgs>'.
src/server/routers/payment.ts(275,45): error TS2551: Property 'invoice' does not exist on type '{ id: string; createdAt: Date; updatedAt: Date; note: string | null; amount: number; invoiceId: string; verifiedAt: Date | null; method: PaymentMethod; paidAt: Date; proofUrl: string | null; proofPublicId: string | null; verifiedByUserId: string | null; }'. Did you mean 'invoiceId'?
src/server/routers/payment.ts(276,44): error TS2551: Property 'invoice' does not exist on type '{ id: string; createdAt: Date; updatedAt: Date; note: string | null; amount: number; invoiceId: string; verifiedAt: Date | null; method: PaymentMethod; paidAt: Date; proofUrl: string | null; proofPublicId: string | null; verifiedByUserId: string | null; }'. Did you mean 'invoiceId'?
src/server/routers/payment.ts(277,44): error TS2551: Property 'invoice' does not exist on type '{ id: string; createdAt: Date; updatedAt: Date; note: string | null; amount: number; invoiceId: string; verifiedAt: Date | null; method: PaymentMethod; paidAt: Date; proofUrl: string | null; proofPublicId: string | null; verifiedByUserId: string | null; }'. Did you mean 'invoiceId'?
src/server/routers/payment.ts(278,44): error TS2551: Property 'invoice' does not exist on type '{ id: string; createdAt: Date; updatedAt: Date; note: string | null; amount: number; invoiceId: string; verifiedAt: Date | null; method: PaymentMethod; paidAt: Date; proofUrl: string | null; proofPublicId: string | null; verifiedByUserId: string | null; }'. Did you mean 'invoiceId'?
src/server/routers/payment.ts(279,44): error TS2551: Property 'invoice' does not exist on type '{ id: string; createdAt: Date; updatedAt: Date; note: string | null; amount: number; invoiceId: string; verifiedAt: Date | null; method: PaymentMethod; paidAt: Date; proofUrl: string | null; proofPublicId: string | null; verifiedByUserId: string | null; }'. Did you mean 'invoiceId'?
src/server/routers/payment.ts(280,52): error TS2551: Property 'invoice' does not exist on type '{ id: string; createdAt: Date; updatedAt: Date; note: string | null; amount: number; invoiceId: string; verifiedAt: Date | null; method: PaymentMethod; paidAt: Date; proofUrl: string | null; proofPublicId: string | null; verifiedByUserId: string | null; }'. Did you mean 'invoiceId'?
src/server/routers/payment.ts(281,45): error TS2551: Property 'invoice' does not exist on type '{ id: string; createdAt: Date; updatedAt: Date; note: string | null; amount: number; invoiceId: string; verifiedAt: Date | null; method: PaymentMethod; paidAt: Date; proofUrl: string | null; proofPublicId: string | null; verifiedByUserId: string | null; }'. Did you mean 'invoiceId'?
src/server/routers/payment.ts(282,46): error TS2551: Property 'invoice' does not exist on type '{ id: string; createdAt: Date; updatedAt: Date; note: string | null; amount: number; invoiceId: string; verifiedAt: Date | null; method: PaymentMethod; paidAt: Date; proofUrl: string | null; proofPublicId: string | null; verifiedByUserId: string | null; }'. Did you mean 'invoiceId'?
src/server/routers/payment.ts(283,44): error TS2551: Property 'invoice' does not exist on type '{ id: string; createdAt: Date; updatedAt: Date; note: string | null; amount: number; invoiceId: string; verifiedAt: Date | null; method: PaymentMethod; paidAt: Date; proofUrl: string | null; proofPublicId: string | null; verifiedByUserId: string | null; }'. Did you mean 'invoiceId'?
src/server/routers/payment.ts(284,45): error TS2551: Property 'invoice' does not exist on type '{ id: string; createdAt: Date; updatedAt: Date; note: string | null; amount: number; invoiceId: string; verifiedAt: Date | null; method: PaymentMethod; paidAt: Date; proofUrl: string | null; proofPublicId: string | null; verifiedByUserId: string | null; }'. Did you mean 'invoiceId'?
src/server/routers/payment.ts(285,47): error TS2551: Property 'invoice' does not exist on type '{ id: string; createdAt: Date; updatedAt: Date; note: string | null; amount: number; invoiceId: string; verifiedAt: Date | null; method: PaymentMethod; paidAt: Date; proofUrl: string | null; proofPublicId: string | null; verifiedByUserId: string | null; }'. Did you mean 'invoiceId'?
src/server/routers/payment.ts(286,66): error TS2551: Property 'invoice' does not exist on type '{ id: string; createdAt: Date; updatedAt: Date; note: string | null; amount: number; invoiceId: string; verifiedAt: Date | null; method: PaymentMethod; paidAt: Date; proofUrl: string | null; proofPublicId: string | null; verifiedByUserId: string | null; }'. Did you mean 'invoiceId'?
src/server/routers/payment.ts(287,40): error TS2551: Property 'invoice' does not exist on type '{ id: string; createdAt: Date; updatedAt: Date; note: string | null; amount: number; invoiceId: string; verifiedAt: Date | null; method: PaymentMethod; paidAt: Date; proofUrl: string | null; proofPublicId: string | null; verifiedByUserId: string | null; }'. Did you mean 'invoiceId'?
src/server/routers/payment.ts(287,58): error TS7006: Parameter 'i' implicitly has an 'any' type.
src/server/routers/payment.ts(288,46): error TS2551: Property 'invoice' does not exist on type '{ id: string; createdAt: Date; updatedAt: Date; note: string | null; amount: number; invoiceId: string; verifiedAt: Date | null; method: PaymentMethod; paidAt: Date; proofUrl: string | null; proofPublicId: string | null; verifiedByUserId: string | null; }'. Did you mean 'invoiceId'?
